// Vitest Snapshot v1, https://vitest.dev/guide/snapshot.html

exports[`resolve.extensionAlias should work 1`] = `
""use strict";
var __webpack_exports__ = {};
let bar = 'bar', foo = 'foo';
// Relative import paths need explicit file extensions in ECMAScript imports
// when '--moduleResolution' is 'node16' or 'nodenext'.
console.log("foobar");
var __webpack_export_target__ = exports;
for(var i in __webpack_exports__)__webpack_export_target__[i] = __webpack_exports__[i];
__webpack_exports__.__esModule && Object.defineProperty(__webpack_export_target__, '__esModule', {
    value: !0
});
"
`;

exports[`resolve.extensionAlias should work 2`] = `
"// Relative import paths need explicit file extensions in ECMAScript imports
// when '--moduleResolution' is 'node16' or 'nodenext'.
console.log("foobar");
"
`;
